../Core/Src/main.c:201:9:Read_Hall_Sensors	16	static
../Core/Src/main.c:214:6:Disable_Switches	8	static
../Core/Src/main.c:229:10:Throttle_mapping	16	static
../Core/Src/main.c:242:6:Step1	8	static
../Core/Src/main.c:250:6:Step2	8	static
../Core/Src/main.c:258:6:Step3	8	static
../Core/Src/main.c:266:6:Step4	8	static
../Core/Src/main.c:274:6:Step5	8	static
../Core/Src/main.c:282:6:Step6	8	static
../Core/Src/main.c:291:6:deadTimeDelay	16	static
../Core/Src/main.c:296:6:safeDisableOutputs	16	static
../Core/Src/main.c:305:14:HallToAngle	16	static
../Core/Src/main.c:320:13:PollHallSensors	16	static
../Core/Src/main.c:353:14:GetInterpolatedAngle	32	static
../Core/Src/main.c:378:6:Control_BLDC	40	static
../Core/Src/main.c:441:10:ADC_Sampling	24	static
../Core/Src/main.c:455:10:StartADC	16	static
../Core/Src/main.c:463:6:CheckState	16	static
../Core/Src/main.c:481:5:main	24	static
../Core/Src/main.c:572:6:SystemClock_Config	88	static
../Core/Src/main.c:619:13:MX_ADC1_Init	24	static
../Core/Src/main.c:666:13:MX_TIM1_Init	80	static
../Core/Src/main.c:739:13:MX_TIM2_Init	32	static
../Core/Src/main.c:784:13:MX_TIM3_Init	32	static
../Core/Src/main.c:829:13:MX_GPIO_Init	40	static
../Core/Src/main.c:860:6:Error_Handler	4	static,ignoring_inline_asm
